[demo.themesurf.com/plumbing/news.html]
[backblue.gif]
[fade.gif]
[index.html]
[demo.themesurf.com/plumbing/image/favicon.png]
[demo.themesurf.com/plumbing/css/vendor.bundle.css]
[www.google-analytics.com/analytics.js]
[demo.themesurf.com/plumbing/image/logo.png]
[demo.themesurf.com/plumbing/css/style.css]
[demo.themesurf.com/plumbing/index.html]
[demo.themesurf.com/plumbing/image/logo-white.png]
[demo.themesurf.com/plumbing/request-service.html]
[demo.themesurf.com/plumbing/index-2.html]
[demo.themesurf.com/plumbing/index-v2.html]
[demo.themesurf.com/plumbing/index-v3.html]
[demo.themesurf.com/plumbing/index-v4.html]
[demo.themesurf.com/plumbing/index-static.html]
[demo.themesurf.com/plumbing/index-block.html]
[demo.themesurf.com/plumbing/about.html]
[demo.themesurf.com/plumbing/about-modern.html]
[demo.themesurf.com/plumbing/teams.html]
[demo.themesurf.com/plumbing/faqs.html]
[demo.themesurf.com/plumbing/testimonial.html]
[demo.themesurf.com/plumbing/services.html]
[demo.themesurf.com/plumbing/services-alter.html]
[demo.themesurf.com/plumbing/services-modern.html]
[demo.themesurf.com/plumbing/service.html]
[demo.themesurf.com/plumbing/service-alter.html]
[demo.themesurf.com/plumbing/service-simple.html]
[demo.themesurf.com/plumbing/news-details.html]
[demo.themesurf.com/plumbing/gallery.html]
[demo.themesurf.com/plumbing/contact.html]
[demo.themesurf.com/plumbing/shortcode-element.html]
[demo.themesurf.com/plumbing/typography.html]
[demo.themesurf.com/plumbing/image/banner-inner.jpg]
[demo.themesurf.com/plumbing/image/news-a.jpg]
[demo.themesurf.com/plumbing/image/news-b.jpg]
[demo.themesurf.com/plumbing/image/news-c.jpg]
[demo.themesurf.com/plumbing/image/news-d.jpg]
[demo.themesurf.com/plumbing/image/news-thumb-d.jpg]
[demo.themesurf.com/plumbing/image/news-thumb-c.jpg]
[demo.themesurf.com/plumbing/image/news-thumb-b.jpg]
[demo.themesurf.com/plumbing/image/news-thumb-a.jpg]
[demo.themesurf.com/plumbing/image/partner-logo-a.png]
[demo.themesurf.com/plumbing/image/partner-logo-b.png]
[demo.themesurf.com/plumbing/news.html]
[demo.themesurf.com/plumbing/js/script.js]
[demo.themesurf.com/plumbing/fonts/glyphicons-halflings-regular.eot]
[demo.themesurf.com/plumbing/fonts/glyphicons-halflings-regulard41d.eot]
[demo.themesurf.com/plumbing/fonts/glyphicons-halflings-regular.woff]
[demo.themesurf.com/plumbing/fonts/glyphicons-halflings-regular.woff2]
[demo.themesurf.com/plumbing/fonts/glyphicons-halflings-regular.ttf]
[demo.themesurf.com/plumbing/fonts/fontawesome-webfont3e6e.eot]
[demo.themesurf.com/plumbing/fonts/fontawesome-webfontd41d.eot]
[demo.themesurf.com/plumbing/js/jquery.bundle.js]
[demo.themesurf.com/plumbing/fonts/fontawesome-webfont3e6e.woff]
[demo.themesurf.com/plumbing/fonts/fontawesome-webfont3e6e.woff2]
[demo.themesurf.com/plumbing/fonts/fontawesome-webfont3e6e.ttf]
[demo.themesurf.com/plumbing/css/owl.video.play.png]
[demo.themesurf.com/plumbing/css/vendor.bundle.css]
[demo.themesurf.com/plumbing/fonts/roboto/roboto-regular-webfont.eot]
[demo.themesurf.com/plumbing/fonts/roboto/roboto-regular-webfontd41d.eot]
[demo.themesurf.com/plumbing/fonts/roboto/roboto-regular-webfont.woff2]
[demo.themesurf.com/plumbing/fonts/roboto/roboto-regular-webfont.woff]
[demo.themesurf.com/plumbing/fonts/roboto/roboto-regular-webfont.ttf]
[demo.themesurf.com/plumbing/fonts/roboto/roboto-bold-webfont.eot]
[demo.themesurf.com/plumbing/fonts/roboto/roboto-bold-webfont.woff2]
[demo.themesurf.com/plumbing/fonts/roboto/roboto-bold-webfontd41d.eot]
[demo.themesurf.com/plumbing/fonts/roboto/roboto-bold-webfont.woff]
[demo.themesurf.com/plumbing/fonts/roboto/roboto-bold-webfont.ttf]
[demo.themesurf.com/plumbing/fonts/roboto/roboto-light-webfont.eot]
[demo.themesurf.com/plumbing/fonts/roboto/roboto-light-webfontd41d.eot]
[demo.themesurf.com/plumbing/fonts/roboto/roboto-light-webfont.woff2]
[demo.themesurf.com/plumbing/fonts/roboto/roboto-light-webfont.woff]
[demo.themesurf.com/plumbing/fonts/roboto/roboto-light-webfont.ttf]
[demo.themesurf.com/plumbing/fonts/poppins/poppins-light-webfont.eot]
[demo.themesurf.com/plumbing/fonts/poppins/poppins-light-webfontd41d.eot]
[demo.themesurf.com/plumbing/fonts/poppins/poppins-light-webfont.woff2]
[demo.themesurf.com/plumbing/fonts/poppins/poppins-light-webfont.woff]
[demo.themesurf.com/plumbing/fonts/poppins/poppins-light-webfont.ttf]
[demo.themesurf.com/plumbing/fonts/poppins/poppins-regular-webfont.eot]
[demo.themesurf.com/plumbing/fonts/poppins/poppins-regular-webfontd41d.eot]
[demo.themesurf.com/plumbing/fonts/poppins/poppins-regular-webfont.woff2]
[demo.themesurf.com/plumbing/fonts/poppins/poppins-regular-webfont.woff]
[demo.themesurf.com/plumbing/fonts/poppins/poppins-regular-webfont.ttf]
[demo.themesurf.com/plumbing/fonts/poppins/poppins-semibold-webfont.eot]
[demo.themesurf.com/plumbing/fonts/poppins/poppins-semibold-webfontd41d.eot]
[demo.themesurf.com/plumbing/fonts/poppins/poppins-semibold-webfont.woff2]
[demo.themesurf.com/plumbing/fonts/poppins/poppins-semibold-webfont.woff]
[demo.themesurf.com/plumbing/fonts/poppins/poppins-semibold-webfont.ttf]
[demo.themesurf.com/plumbing/fonts/poppins/poppins-bold-webfont.eot]
[demo.themesurf.com/plumbing/fonts/poppins/poppins-bold-webfontd41d.eot]
[demo.themesurf.com/plumbing/fonts/poppins/poppins-bold-webfont.woff2]
[demo.themesurf.com/plumbing/fonts/poppins/poppins-bold-webfont.woff]
[demo.themesurf.com/plumbing/fonts/poppins/poppins-bold-webfont.ttf]
[demo.themesurf.com/plumbing/image/loading.gif]
[demo.themesurf.com/plumbing/image/arrow-next-g.png]
[demo.themesurf.com/plumbing/image/arrow-next-w.png]
[demo.themesurf.com/plumbing/image/arrow-prev-g.png]
[demo.themesurf.com/plumbing/image/arrow-prev-w.png]
[demo.themesurf.com/plumbing/css/style.css]
[demo.themesurf.com/plumbing/image/slider-a.jpg]
[demo.themesurf.com/plumbing/image/slider-b.jpg]
[demo.themesurf.com/plumbing/image/photo-a.jpg]
[demo.themesurf.com/plumbing/image/photo-b.jpg]
[demo.themesurf.com/plumbing/image/photo-c.jpg]
[demo.themesurf.com/plumbing/image/form-bg.jpg]
[demo.themesurf.com/plumbing/image/plx-dark.jpg]
[demo.themesurf.com/plumbing/image/photo-md-a.jpg]
[demo.themesurf.com/plumbing/index.html]
[demo.themesurf.com/plumbing/request-service.html]
[demo.themesurf.com/plumbing/index-2.html]
[demo.themesurf.com/plumbing/image/slider-c.jpg]
[demo.themesurf.com/plumbing/image/slider-d.jpg]
[demo.themesurf.com/plumbing/image/photo-f.jpg]
[demo.themesurf.com/plumbing/image/photo-g.jpg]
[demo.themesurf.com/plumbing/image/photo-h.jpg]
[demo.themesurf.com/plumbing/image/photo-i.jpg]
[demo.themesurf.com/plumbing/image/client-logo-a.png]
[demo.themesurf.com/plumbing/image/client-logo-b.png]
[demo.themesurf.com/plumbing/image/client-logo-c.png]
[demo.themesurf.com/plumbing/image/client-logo-d.png]
[demo.themesurf.com/plumbing/image/client-logo-e.png]
[demo.themesurf.com/plumbing/image/client-logo-f.png]
[demo.themesurf.com/plumbing/image/client-logo-g.png]
[demo.themesurf.com/plumbing/image/client-logo-h.png]
[demo.themesurf.com/plumbing/index-v2.html]
[demo.themesurf.com/plumbing/image/slider-e.jpg]
[demo.themesurf.com/plumbing/image/photo-j.jpg]
[demo.themesurf.com/plumbing/image/photo-k.jpg]
[demo.themesurf.com/plumbing/image/photo-l.jpg]
[demo.themesurf.com/plumbing/image/gallery/g1-lg.jpg]
[demo.themesurf.com/plumbing/image/gallery/g1.jpg]
[demo.themesurf.com/plumbing/image/gallery/g2-lg.jpg]
[demo.themesurf.com/plumbing/image/gallery/g2.jpg]
[demo.themesurf.com/plumbing/image/gallery/g3-lg.jpg]
[demo.themesurf.com/plumbing/image/gallery/g3.jpg]
[demo.themesurf.com/plumbing/image/gallery/g4-lg.jpg]
[demo.themesurf.com/plumbing/image/gallery/g4.jpg]
[demo.themesurf.com/plumbing/image/gallery/g5-lg.jpg]
[demo.themesurf.com/plumbing/image/gallery/g5.jpg]
[demo.themesurf.com/plumbing/image/gallery/g6-lg.jpg]
[demo.themesurf.com/plumbing/image/gallery/g6.jpg]
[demo.themesurf.com/plumbing/image/gallery/g7-lg.jpg]
[demo.themesurf.com/plumbing/image/gallery/g7.jpg]
[demo.themesurf.com/plumbing/image/gallery/g8-lg.jpg]
[demo.themesurf.com/plumbing/image/gallery/g8.jpg]
[demo.themesurf.com/plumbing/index-v3.html]
[demo.themesurf.com/plumbing/image/photo-sq-a.jpg]
[demo.themesurf.com/plumbing/image/photo-sq-b.jpg]
[demo.themesurf.com/plumbing/image/photo-sq-c.jpg]
[demo.themesurf.com/plumbing/index-v4.html]
[demo.themesurf.com/plumbing/index-static.html]
[demo.themesurf.com/plumbing/image/team-sq-a.jpg]
[demo.themesurf.com/plumbing/image/team-sq-b.jpg]
[demo.themesurf.com/plumbing/image/team-sq-c.jpg]
[demo.themesurf.com/plumbing/image/team-sq-d.jpg]
[demo.themesurf.com/plumbing/index-block.html]
[demo.themesurf.com/plumbing/about.html]
[demo.themesurf.com/plumbing/about-modern.html]
[demo.themesurf.com/plumbing/teams.html]
[demo.themesurf.com/plumbing/faqs.html]
[demo.themesurf.com/plumbing/testimonial.html]
[demo.themesurf.com/plumbing/services.html]
[demo.themesurf.com/plumbing/services-alter.html]
[demo.themesurf.com/plumbing/services-modern.html]
[demo.themesurf.com/plumbing/image/photo-e.jpg]
[demo.themesurf.com/plumbing/service.html]
[demo.themesurf.com/plumbing/service-alter.html]
[demo.themesurf.com/plumbing/service-simple.html]
[demo.themesurf.com/plumbing/image/news-lg-a.jpg]
[demo.themesurf.com/plumbing/news-details.html]
[demo.themesurf.com/plumbing/gallery.html]
[demo.themesurf.com/plumbing/contact.html]
[demo.themesurf.com/plumbing/image/photo-d.jpg]
[demo.themesurf.com/plumbing/js/gmaps.js]
[demo.themesurf.com/plumbing/shortcode-element.html]
[demo.themesurf.com/plumbing/typography.html]
[demo.themesurf.com/plumbing/fonts/glyphicons-halflings-regular.svg]
[demo.themesurf.com/plumbing/fonts/fontawesome-webfont3e6e.svg]
[demo.themesurf.com/plumbing/css/owl.video.play.html]
[demo.themesurf.com/plumbing/image/loading.html]
